------------------------------------------------------------
Timing Analyzer Summary
------------------------------------------------------------

Type  : Slow 1100mV 85C Model Setup 'CLOCK_50'
Slack : -2.434
TNS   : -119.334

Type  : Slow 1100mV 85C Model Hold 'CLOCK_50'
Slack : 0.323
TNS   : 0.000

Type  : Slow 1100mV 85C Model Minimum Pulse Width 'CLOCK_50'
Slack : -0.394
TNS   : -33.363

Type  : Slow 1100mV 0C Model Setup 'CLOCK_50'
Slack : -2.450
TNS   : -116.457

Type  : Slow 1100mV 0C Model Hold 'CLOCK_50'
Slack : 0.308
TNS   : 0.000

Type  : Slow 1100mV 0C Model Minimum Pulse Width 'CLOCK_50'
Slack : -0.394
TNS   : -36.116

Type  : Fast 1100mV 85C Model Setup 'CLOCK_50'
Slack : -0.938
TNS   : -40.164

Type  : Fast 1100mV 85C Model Hold 'CLOCK_50'
Slack : 0.191
TNS   : 0.000

Type  : Fast 1100mV 85C Model Minimum Pulse Width 'CLOCK_50'
Slack : -0.087
TNS   : -5.370

Type  : Fast 1100mV 0C Model Setup 'CLOCK_50'
Slack : -0.822
TNS   : -32.856

Type  : Fast 1100mV 0C Model Hold 'CLOCK_50'
Slack : 0.170
TNS   : 0.000

Type  : Fast 1100mV 0C Model Minimum Pulse Width 'CLOCK_50'
Slack : -0.089
TNS   : -5.460

------------------------------------------------------------
